Retrieving project…
Deploying jacksonrichardcastros-projects/card-bound
Uploading [--------------------] (0.0B/36.5KB)
Uploading [========------------] (16.0KB/36.5KB)
Uploading [=================---] (32.0KB/36.5KB)
Uploading [===================-] (34.7KB/36.5KB)
Uploading [====================] (36.5KB/36.5KB)
  Inspect     https://vercel.com/jacksonrichardcastros-projects/card-bound/GBueKxdN6GGCYrZxRTwCYsjWpUDH
  Preview     https://card-bound-8n2zz8t87-jacksonrichardcastros-projects.vercel.app
Building…
Building…
Running build in Washington, D.C., USA (East) – iad1
Build machine configuration: 2 cores, 8 GB
Retrieving list of deployment files...
Downloading 14778 deployment files...
Restored build cache from previous deployment (69QnWywhwruMK8c7F7ctaVzaTzKT)
Running "vercel build"
Vercel CLI 54.4.1
Installing dependencies...
up to date in 2s
260 packages are looking for funding
run `npm fund` for details
Detected Next.js version: 16.2.4
Running "npm run build"
> cardbound-app@0.1.0 build
> next build
Applying modifyConfig from Vercel
▲ Next.js 16.2.4 (Turbopack)
- Experiments (use with caution):
· clientTraceMetadata
Creating an optimized production build ...
✓ Compiled successfully in 52s
Running next.config.js provided runAfterProductionCompile ...
[@sentry/nextjs - After Production Compile] Info: Sending telemetry data on issues and performance to Sentry. To disable telemetry, set `options.telemetry` to `false`.
[@sentry/nextjs - After Production Compile] Warning: No auth token provided. Will not create release. Please set the `authToken` option. You can find information on how to generate a Sentry auth token here: https://docs.sentry.io/api/auth/
[@sentry/nextjs - After Production Compile] Warning: No auth token provided. Will not upload source maps. Please set the `authToken` option. You can find information on how to generate a Sentry auth token here: https://docs.sentry.io/api/auth/
✓ Completed runAfterProductionCompile in 417ms
Running TypeScript ...
{
  "status": "error",
  "reason": "deploy_failed",
  "message": "request to https://api.vercel.com/v13/deployments/dpl_GBueKxdN6GGCYrZxRTwCYsjWpUDH?teamId=team_LJLrcEkRsiT2Cyv7afuqKmoe failed, reason: read EADDRNOTAVAIL",
  "next": [
    {
      "command": "vercel deploy",
      "when": "retry deploy"
    }
  ]
}
Error: request to https://api.vercel.com/v13/deployments/dpl_GBueKxdN6GGCYrZxRTwCYsjWpUDH?teamId=team_LJLrcEkRsiT2Cyv7afuqKmoe failed, reason: read EADDRNOTAVAIL
