Retrieving project…
Deploying jacksonrichardcastros-projects/card-bound
Uploading [--------------------] (0.0B/23.1KB)
Uploading [=============-------] (16.0KB/23.1KB)
Uploading [==================--] (21.9KB/23.1KB)
Uploading [====================] (23.1KB/23.1KB)
  Inspect     https://vercel.com/jacksonrichardcastros-projects/card-bound/51JjmXi5ffWL3tVTR5scuvbrUBqr
  Preview     https://card-bound-47cc1z20a-jacksonrichardcastros-projects.vercel.app
Building…
Building…
Running build in Washington, D.C., USA (East) – iad1
Build machine configuration: 2 cores, 8 GB
Retrieving list of deployment files...
Downloading 14774 deployment files...
Restored build cache from previous deployment (EXDG6bQP7GQtnCUr3X2zN1a96QAb)
Running "vercel build"
Vercel CLI 54.4.1
Installing dependencies...
up to date in 2s
260 packages are looking for funding
run `npm fund` for details
Detected Next.js version: 16.2.4
Running "npm run build"
> cardbound-app@0.1.0 build
> next build
Applying modifyConfig from Vercel
▲ Next.js 16.2.4 (Turbopack)
- Experiments (use with caution):
· clientTraceMetadata
Creating an optimized production build ...
✓ Compiled successfully in 52s
Running next.config.js provided runAfterProductionCompile ...
[@sentry/nextjs - After Production Compile] Info: Sending telemetry data on issues and performance to Sentry. To disable telemetry, set `options.telemetry` to `false`.
[@sentry/nextjs - After Production Compile] Warning: No auth token provided. Will not create release. Please set the `authToken` option. You can find information on how to generate a Sentry auth token here: https://docs.sentry.io/api/auth/
[@sentry/nextjs - After Production Compile] Warning: No auth token provided. Will not upload source maps. Please set the `authToken` option. You can find information on how to generate a Sentry auth token here: https://docs.sentry.io/api/auth/
✓ Completed runAfterProductionCompile in 458ms
Running TypeScript ...
Finished TypeScript in 14.1s ...
Collecting page data using 1 worker ...
Generating static pages using 1 worker (0/31) ...
Error fetching buyer orders: Error: Dynamic server usage: Route /buyer/orders couldn't be rendered statically because it used `headers`. See more info here: https://nextjs.org/docs/messages/dynamic-server-error
at async v (.next/server/chunks/ssr/_0-28xd2._.js:23:244600)
at async n (.next/server/chunks/ssr/[root-of-the-server]__0pr648p._.js:2:29332) {
description: "Route /buyer/orders couldn't be rendered statically because it used `headers`. See more info here: https://nextjs.org/docs/messages/dynamic-server-error",
digest: 'DYNAMIC_SERVER_USAGE'
}
Error fetching seller inventory: Error: Dynamic server usage: Route /seller/inventory couldn't be rendered statically because it used `headers`. See more info here: https://nextjs.org/docs/messages/dynamic-server-error
at async h (.next/server/chunks/ssr/[root-of-the-server]__0.3lz.n._.js:2:912)
at async o (.next/server/chunks/ssr/[root-of-the-server]__0iivhy9._.js:2:29090) {
description: "Route /seller/inventory couldn't be rendered statically because it used `headers`. See more info here: https://nextjs.org/docs/messages/dynamic-server-error",
digest: 'DYNAMIC_SERVER_USAGE'
}
Error fetching seller fulfillment orders: Error: Dynamic server usage: Route /seller/orders couldn't be rendered statically because it used `headers`. See more info here: https://nextjs.org/docs/messages/dynamic-server-error
at async i (.next/server/chunks/ssr/[root-of-the-server]__0.3lz.n._.js:2:1382)
at async p (.next/server/chunks/ssr/[root-of-the-server]__07af83k._.js:2:29527) {
description: "Route /seller/orders couldn't be rendered statically because it used `headers`. See more info here: https://nextjs.org/docs/messages/dynamic-server-error",
digest: 'DYNAMIC_SERVER_USAGE'
}
Generating static pages using 1 worker (7/31)
Generating static pages using 1 worker (15/31)
Generating static pages using 1 worker (23/31)
✓ Generating static pages using 1 worker (31/31) in 977ms
Finalizing page optimization ...
Running onBuildComplete from Vercel
Route (app)
┌ ƒ /
├ ƒ /_not-found
├ ƒ /[handle]
├ ƒ /admin/sellers
├ ƒ /admin/sellers/[sellerId]
├ ƒ /admin/vetting
├ ƒ /api/cron/payout-sweeper
├ ƒ /api/storage/upload
├ ƒ /api/stripe/connect
├ ƒ /api/webhooks/clerk
├ ƒ /api/webhooks/shipping
├ ƒ /api/webhooks/stripe
├ ƒ /apply
├ ƒ /breaks
├ ƒ /buyer/orders
├ ƒ /cart
├ ƒ /listings/[id]
├ ƒ /orders/[orderId]
├ ƒ /sell
├ ƒ /sell/drafts
├ ƒ /sell/new
├ ƒ /seller/become
├ ƒ /seller/dashboard
├ ƒ /seller/inventory
├ ƒ /seller/listings/new
├ ƒ /seller/onboarding/legal
├ ƒ /seller/onboarding/pending
├ ƒ /seller/onboarding/profile
├ ƒ /seller/onboarding/stripe
├ ƒ /seller/orders
├ ƒ /seller/settings
├ ƒ /sign-in/[[...sign-in]]
├ ƒ /sign-up/[[...sign-up]]
├ ƒ /tracker
└ ƒ /trending
ƒ Proxy (Middleware)
ƒ  (Dynamic)  server-rendered on demand
Build Completed in /vercel/output [1m]
Deploying outputs...
[2K[1A[2K[G  Preview     https://card-bound-47cc1z20a-jacksonrichardcastros-projects.vercel.app
Completing…
{
  "status": "ok",
  "deployment": {
    "id": "dpl_51JjmXi5ffWL3tVTR5scuvbrUBqr",
    "url": "https://card-bound-47cc1z20a-jacksonrichardcastros-projects.vercel.app",
    "inspectorUrl": "https://vercel.com/jacksonrichardcastros-projects/card-bound/51JjmXi5ffWL3tVTR5scuvbrUBqr",
    "readyState": "READY",
    "target": null,
    "deploymentApiUrl": "https://api.vercel.com/v13/deployments/dpl_51JjmXi5ffWL3tVTR5scuvbrUBqr"
  },
  "message": "Deployment card-bound-47cc1z20a-jacksonrichardcastros-projects.vercel.app ready.",
  "next": [
    {
      "command": "vercel inspect card-bound-47cc1z20a-jacksonrichardcastros-projects.vercel.app",
      "when": "Inspect deployment"
    },
    {
      "command": "vercel deploy --prod",
      "when": "Promote to production"
    }
  ]
}
